// Jest Snapshot v1, https://goo.gl/fbAQLP

exports[`<EditMemberPage /> matches snapshot 1`] = `
<div>
  <div
    style="max-width: 700px; margin: 2rem auto;"
  >
    <div
      style="text-align: center; margin-bottom: 1rem;"
    >
      <h2>
        회원 정보 수정
      </h2>
    </div>
    <section>
      <button
        class="mr-2 btn btn-secondary"
        tabindex="0"
        type="button"
      >
        <input
          autocomplete="off"
          multiple=""
          style="display: none;"
          tabindex="-1"
          type="file"
        />
        프로필 업로드
      </button>
      <button
        class="btn-danger btn btn-secondary"
        type="button"
      >
        프로필 제거
      </button>
    </section>
    <div
      class="offset-md-4"
      style="display: flex; width: 300px; height: 240px; border-radius: 55%; border: 1px solid lightgray;"
    >
      <img
        src="1,2,3"
        style="min-width: 300px; width: 300px; height: 240px; border-radius: 55%; border: 1px solid lightgray;"
      />
    </div>
    <form
      class=""
      data-testid="form"
      name="myform"
    >
      <label>
        이름
      </label>
      <input
        class="form-control"
        data-testid="add-name"
        name="name"
        placeholder="빈 칸에 정보를 입력해주세요."
        type="text"
        value=""
      />
      <br />
      <label>
        카메라 기종
      </label>
      <input
        class="form-control"
        data-testid="add-canera"
        name="camera"
        placeholder="빈 칸에 정보를 입력해주세요."
        type="text"
        value=""
      />
      <br />
      <label>
        나이
      </label>
      <input
        class="form-control"
        data-testid="add-age"
        name="age"
        placeholder="빈 칸에 정보를 입력해주세요."
        type="number"
        value=""
      />
      <br />
      <select
        data-testid="add-sex"
        name="sex"
      >
        <option
          value=""
        >
          성별을 선택해주세요
        </option>
        <option
          data-testid="select-option"
          value="1"
        >
          남
        </option>
        <option
          data-testid="select-option"
          value="2"
        >
          여
        </option>
      </select>
      <button
        class="col-md-2 offset-md-10 btn btn-secondary"
        data-testid="add-submit"
        type="button"
      >
        확인
      </button>
    </form>
  </div>
</div>
`;
