// Jest Snapshot v1, https://goo.gl/fbAQLP

exports[`<MemberList /> matches snapshot 1`] = `
<div>
  <div
    class="list row"
  >
    <div
      class="col-md-8"
    >
      <div
        class="input-group mb-3"
      >
        <input
          class="form-control"
          placeholder="회원 이름을 입력해주세요"
          type="text"
          value=""
        />
        <div
          class="input-group-append"
        >
          <button
            class="btn btn-outline-secondary"
            type="button"
          >
            Search
          </button>
        </div>
      </div>
    </div>
    <div
      class="col-md-6"
    >
      <h4>
        MEMBER LIST
      </h4>
      <ul
        class="list-group"
      >
        <li
          class="list-group-item "
        >
          <h4>
            김진석
          </h4>
          <h8 />
        </li>
      </ul>
      <button
        class="m-3 btn btn-sm btn-success btn btn-secondary"
        type="button"
      >
        회원 추가
      </button>
      <button
        class="m-3 btn btn-sm btn-danger btn btn-secondary"
        type="button"
      >
        회원 탈퇴
      </button>
    </div>
    <div
      class="col-md-6"
    >
      <div>
        <br />
        <p>
          Please Click on a List...
        </p>
      </div>
    </div>
    <div
      class="mt-3"
    >
      <h7
        style="margin-left: 250px;"
      >
        Page: 
      </h7>
      <select>
        <option
          value="3"
        >
          3
        </option>
        <option
          value="6"
        >
          6
        </option>
      </select>
      <nav
        aria-label="pagination navigation"
        class="MuiPagination-root my-3"
      >
        <ul
          class="MuiPagination-ul"
        >
          <li>
            <button
              aria-label="Go to previous page"
              class="MuiButtonBase-root MuiPaginationItem-root MuiPaginationItem-page MuiPaginationItem-rounded MuiPaginationItem-textPrimary Mui-disabled Mui-disabled"
              disabled=""
              tabindex="-1"
              type="button"
            >
              <svg
                aria-hidden="true"
                class="MuiSvgIcon-root MuiPaginationItem-icon"
                focusable="false"
                viewBox="0 0 24 24"
              >
                <path
                  d="M15.41 7.41L14 6l-6 6 6 6 1.41-1.41L10.83 12z"
                />
              </svg>
            </button>
          </li>
          <li>
            <button
              aria-current="true"
              aria-label="page 1"
              class="MuiButtonBase-root MuiPaginationItem-root MuiPaginationItem-page MuiPaginationItem-rounded MuiPaginationItem-textPrimary Mui-selected"
              tabindex="0"
              type="button"
            >
              1
              <span
                class="MuiTouchRipple-root"
              />
            </button>
          </li>
          <li>
            <button
              aria-label="Go to next page"
              class="MuiButtonBase-root MuiPaginationItem-root MuiPaginationItem-page MuiPaginationItem-rounded MuiPaginationItem-textPrimary Mui-disabled Mui-disabled"
              disabled=""
              tabindex="-1"
              type="button"
            >
              <svg
                aria-hidden="true"
                class="MuiSvgIcon-root MuiPaginationItem-icon"
                focusable="false"
                viewBox="0 0 24 24"
              >
                <path
                  d="M10 6L8.59 7.41 13.17 12l-4.58 4.59L10 18l6-6z"
                />
              </svg>
            </button>
          </li>
        </ul>
      </nav>
    </div>
  </div>
</div>
`;
